[?25l[?2004h  ▄█▄   groove — Worktree Dashboard                                  ↻ just now[K
 █████  3 projects · 3 worktrees[K
   █  [K
[K
╭────────╮╭────────╮╭────────╮                                                  
│ proj-1 ││ proj-2 ││ proj-3 │                                                  
│        └┴────────┴┴────────┴─────────────────────────────────────────────────┐
│ ╭────────────────────────────────────────────────────────────────────────╮   │
│ │ main [CLEAN]                                                     [SEL] │   │
│ │ ⎇ main                                                                 │   │
│ │ ● clean                                                                │   │
│ │ ────────────────────────────────────────────────────────────────────   │   │
│ │ ○ no session • 10 MB                                                   │   │
│ ╰────────────────────────────────────────────────────────────────────────╯   │
│                                                                              │
│ ──────────────────────────────────────────────────────────────────────────── │
│  [tab/shift+tab] switch  [↑↓] navigate  [enter] open  [n] rename  [r]        │
│ refresh  [q] quit                                                            │
└──────────────────────────────────────────────────────────────────────────────┘
[K[19A





├────────┴┘        └┴────────┴─────────────────────────────────────────────────┐





│ │ ○ no session • 20 MB                                                   │   │






[19A





├────────┴┴────────┴┘        └─────────────────────────────────────────────────┐





│ │ ○ no session • 30 MB                                                   │   │






[2K[?2004l[?25h[?1002l[?1003l[?1006l